<!DOCTYPE html>
<html>

<head>
  <meta charset="utf-8">
  <meta name="viewport" content="width=device-width">
  <title>MYJ World - The Homepage Of MYJ</title>
  <link href="style.css" rel="stylesheet" type="text/css" />
  <link rel="icon" href="Assets/logo_no_bg.png">
  <!-- <link rel='stylesheet' href='https://cdnjs.cloudflare.com/ajax/libs/font-awesome/4.7.0/css/font-awesome.min.css'> -->
  <!-- <link rel="stylesheet" href="https://use.fontawesome.com/releases/v5.14.0/css/all.css"> -->
  <!-- <link rel="stylesheet" href="https://use.fontawesome.com/releases/v6.1.1/css/all.css"> -->
  <link rel="stylesheet" href="https://use.fontawesome.com/releases/v6.4.0/css/all.css">
  <!-- <meta name="google-site-verification" content="J91IjLyufmgCuYE1h_ZmA-nwqf67FA8uZpKAeKpVVaQ" /> -->
</head>

<body>
  <nav>
    <div id="inner-nav">
      <div id="logo">
        <a href="https://myj-worldv2.myousufjamil.repl.co/"><img src="Assets/logo.png" width="90px" alt="logo"></a>
      </div>
      <div id="nav-btns">
        <a id="home" href="#" style="color: #a6f2ff;">Home</a>
        <a href="services/">Services</a>
        <a>Options</a>
      </div>
      <i id="mob-sidebar-btn" class='fa fa-bars'></i>
    </div>
  </nav>

  <div id="sidebar">
    <i id="close-icon" class="fa fa-times"></i>
    <div id="inner-sidebar" style="margin-top: calc((100vh - 180px) / 2);">
      <button><a href="#" style="color: #a6f2ff;">Home</a></button><br>
      <button><a href="services/">Services</a></button><br>
      <button><a>Options</a></button>
    </div>
  </div>

  <div id="header">
    <div id="inner-header">
      <h1><span class="name">MYJ World</span></h1>
      <h2>Working for your betterment</h2><br>
      <span style="height: 5px;"></span><br>
      <a href="services/"><button>Let's start <i class="fa fa-arrow-right"></i></button></a>
    </div>
  </div>

  <div id="intro" class="section-1">
    <h2>A General Introduction</h2>
    <div class="line"></div>
    <div class="inner-section">
      <div class="text">
        <h3>Who are we?</h3>
        <p><span class="name">MYJ World</span> provides modern services, for anyone needing it at any location. <span
            class="name">MYJ World</span> provides many services including calculators, counters, browsers, smart
          assistants, binary converters and much more, all on the web, and also available for download for easy offline
          access from your home screen. At <span class="name">MYJ World</span>, we believe that technology and design
          should seamlessly coexist, and that your tasks should be simplified by providing multiple services at one page
          to ensure your day is managed as smoothly as possible.</p>
      </div>
      <div class="image">
        <img src="Assets/intro-img.png" alt="Introduction" />
      </div>
    </div>
  </div>

  <div id="why-chose-us" class="section-2" style="height: auto;">
    <h2>Why Choose Us?</h2>
    <div class="line"></div>
    <div id="general-intro" class="inner-section center-elements">
      <div id="gen-intro-1" class="inner-gen-intro">
        <i class="fas fa-globe" style="font-size: 40px;"></i>
        <h3>Modern</h3>
        <p>Modern services that fit your needs</p>
      </div>
      <div id="gen-intro-2" class="inner-gen-intro">
        <i class="fas fa-hand-pointer" style="font-size: 40px;"></i>
        <h3>Top Service</h3>
        <p>Find all sorts of services here</p>
      </div>
      <div id="gen-intro-3" class="inner-gen-intro">
        <i class="fas fa-border-all" style="font-size: 40px;"></i>
        <h3>Best Apps for Android</h3>
        <p>Get our Modern Android App Services for free</p>
      </div>
    </div>
  </div>

  <div id="featured-1" class="section-1">
    <div class="inner-section center-elements">
      <div class="text center-elements">
        <h3>Ultricies integer</h3>
        <p>Lorem ipsum dolor sit amet, consectetur adipiscing elit, sed do eiusmod tempor incididunt ut labore et dolore
          magna aliqua.</p>
        <a href="#"><button>Try Service <i class="fas fa-arrow-right"></i></button></a>
      </div>
      <div class="image center-elements">
        <img src="Assets/featured-1.png" alt="Featured" />
      </div>
    </div>
  </div>

  <div id="featured-2" class="section-2">
    <div class="inner-section">
      <div class="image center-elements">
        <img src="Assets/featured-2.png" alt="Featured" />
      </div>
      <div class=" text center-elements">
        <h3>Ultricies integer</h3>
        <p>Lorem ipsum dolor sit amet, consectetur adipiscing elit, sed do eiusmod tempor incididunt ut labore et dolore
          magna aliqua.</p>
        <a href="#"><button>Try Service <i class="fas fa-arrow-right"></i></button></a>
      </div>
    </div>
  </div>

  <div id="feedback" class="section-1">
    <h2>What people say about us?</h2>
    <div class="line"></div>
    <div id="inner-feedback" class="inner-section center-elements">
      <div id="feedback-1" class="cards pink-theme">
        <i class="fa fa-quote-left fa-border"></i>
        <h4>Odio Euismod</h4>
        <p>Lorem ipsum dolor sit amet, consectetur adipiscing elit, sed do eiusmod tempor incididunt ut labore et dolore
          magna aliqua.</p>
      </div>
      <div id="feedback-2" class="cards green-theme">
        <i class="fa fa-quote-left fa-border"></i>
        <h4>Lacinia At</h4>
        <p>Egestas purus viverra accumsan in nisl nisi scelerisque eu ultrices.</p>
      </div>
      <div id="feedback-3" class="cards blue-theme">
        <i class="fa fa-quote-left fa-border"></i>
        <h4>Quis Risus</h4>
        <p>Congue nisi vitae suscipit tellus mauris a diam.</p>
      </div>
      <div id="feedback-4" class="cards yellow-theme">
        <i class="fa fa-quote-left fa-border"></i>
        <h4>Sed Vulputate</h4>
        <p>Adipiscing vitae proin sagittis nisl rhoncus mattis.</p>
      </div>
    </div>
    <br>
    <a href="#"><button><i class="fa fa-chevron-right"></i> See all</button></a>
  </div>

  <div id="updates" class="section-2">
    <h2>Our Latest Updates</h2>
    <div class="line"></div>
    <div id="inner-updates" class="inner-section center-elements">
      <div id="update" class="cards pink-theme">
        <i class="fa fa-clock fa-border fa-fade"></i>
        <h4>Odio Euismod</h4>
        <p>Lorem ipsum dolor sit amet, consectetur adipiscing elit, sed do eiusmod tempor incididunt ut labore et dolore
          magna aliqua.</p>
      </div>
      <div id="update" class="cards green-theme">
        <i class="fa fa-clock fa-border fa-fade"></i>
        <h4>Lacinia At</h4>
        <p>Egestas purus viverra accumsan in nisl nisi scelerisque eu ultrices.</p>
      </div>
      <div id="update" class="cards blue-theme">
        <i class="fa fa-clock fa-border fa-fade"></i>
        <h4>Quis Risus</h4>
        <p>Congue nisi vitae suscipit tellus mauris a diam.</p>
      </div>
      <div id="update" class="cards yellow-theme">
        <i class="fa fa-clock fa-border fa-fade"></i>
        <h4>Sed Vulputate</h4>
        <p>Adipiscing vitae proin sagittis nisl rhoncus mattis.</p>
      </div>
    </div>
    <br>
    <a href="#"><button><i class="fa fa-chevron-right"></i> See all</button></a>
  </div>

  <div id="footer" class="footer">
    <div id="footer-flex" class="center-elements">
      <div id="footer-name-slogan">
        <h3><span class="name">MYJ World</span></h3>
        <h5>Working for your betterment</h5>
      </div>
      <div id="list-1">
        <p><b>Lorem ipsum</b></p>
        <a href="#">Lorem ipsum</a><br>
        <a href="#">Lorem ipsum</a><br>
        <a href="#">Lorem ipsum</a><br>
        <a href="#">Lorem ipsum</a><br>
        <a href="#">Lorem ipsum</a>
      </div>
      <div id="list-2">
        <p><b>Lorem ipsum</b></p>
        <a href="#">Lorem ipsum</a><br>
        <a href="#">Lorem ipsum</a><br>
        <a href="#">Lorem ipsum</a><br>
        <a href="#">Lorem ipsum</a><br>
        <a href="#">Lorem ipsum</a>
      </div>
      <div id="list-3">
        <p><b>Lorem ipsum</b></p>
        <a href="#">Lorem ipsum</a><br>
        <a href="#">Lorem ipsum</a><br>
        <a href="#">Lorem ipsum</a><br>
        <a href="#">Lorem ipsum</a><br>
        <a href="#">Lorem ipsum</a>
      </div>
      <div id="list-4">
        <p><b>Lorem ipsum</b></p>
        <a href="#">Lorem ipsum</a><br>
        <a href="#">Lorem ipsum</a><br>
        <a href="#">Lorem ipsum</a><br>
        <a href="#">Lorem ipsum</a><br>
        <a href="#">Lorem ipsum</a>
      </div>
    </div>
    <div id="policy">
      <a href="#">Terms of use</a> <br><br>
      <a href="#">Privacy Policy</a>
    </div>
  </div>

  <div class="popup">
    <p>By using our website, you agree to our <a href="#"> Terms of Use</a> &amp; <a href="#">Privacy Policy</a></p>
    <button class="popup-btn">Accept & Continue</button>
  </div>

  <div id="copyright" class="floating-box" style="height: 40px;">
    <p style="font-size: 15px;">&copy;
      <script>document.write(new Date().getFullYear());</script> MYJ World
    </p>
  </div>

  <script src="script.js"></script>
</body>

</html>