{"nonce":5442108270386923373,"last_updated":{"seconds":1689699737,"nanos":119018000}}
