<!DOCTYPE html>
<html>

<head>
  <meta charset="utf-8">
  <meta name="viewport" content="width=device-width">
  <title>MYJ World - Feedback</title>
  <link href="style.css" rel="stylesheet" type="text/css" />
  <link rel="icon" href="../../Assets/logo_no_bg.png">
  <link rel="stylesheet" href="https://use.fontawesome.com/releases/v6.4.0/css/all.css">
</head>

<body>
  <nav>
    <div id="inner-nav">
      <div id="logo">
        <a href="https://myj-worldv2.myousufjamil.repl.co/"><img src="../../Assets/logo.png" width="90px"
            alt="logo"></a>
      </div>
      <div id="nav-btns">
        <a id="home" href="https://myj-worldv2.myousufjamil.repl.co/">Home</a>
        <a href="https://myj-worldv2.myousufjamil.repl.co/services/">Services</a>
        <a>Options</a>
      </div>
      <i id="mob-sidebar-btn" class='fa fa-bars'></i>
    </div>
  </nav>

  <div id="sidebar">
    <i id="close-icon" class="fa fa-times"></i>
    <div id="inner-sidebar" style="margin-top: calc((100vh - 180px) / 2);">
      <button><a href="https://myj-worldv2.myousufjamil.repl.co/">Home</a></button><br>
      <button><a href="https://myj-worldv2.myousufjamil.repl.co/services/">Services</a></button><br>
      <button><a>Options</a></button>
    </div>
  </div>

  <div id="header">
    <div id="inner-header">
      <h1><span class="name">Feedback</span></h1>
      <h2>Know what people say about us</h2>
    </div>
  </div>

  <div class="new-feedback center-elements center-text">
    <a href="new/"><button><i class="fa fa-plus"></i> New Feedback</button></a>
  </div>

  <div class="space"></div>

  <div class="single-message center-elements center-text">
    <div class="user-content center-elements center-text">
      <div class="profile">
        <i class="fa fa-user"></i>
      </div>
      <div class="content">
        <h3>Odio Euismod</h3>
        <p>Lorem ipsum dolor sit amet, consectetur adipiscing elit, sed do eiusmod tempor incididunt ut labore et dolore
          magna aliqua.</p>
      </div>
    </div>
    <div class="admin-content center-elements center-text">
      <div class="admin-profile">
        <img src="../../Assets/logo_no_bg.png" alt="MYJ Logo" />
      </div>
      <div class="admin-content-text">
        <h3>Admin reply</h3>
        <p>Lorem ipsum dolor sit amet, consectetur adipiscing elit, sed do eiusmod tempor incididunt ut labore et dolore
          magna aliqua.</p>
      </div>
    </div>
    <div class="mobile-feedback">
      <div class="content">
        <h3>Odio Euismod</h3>
        <p>Lorem ipsum dolor sit amet, consectetur adipiscing elit, sed do eiusmod tempor incididunt ut labore et dolore
          magna aliqua.</p>
        <h3>Admin reply</h3>
        <p>Lorem ipsum dolor sit amet, consectetur adipiscing elit, sed do eiusmod tempor incididunt ut labore et dolore
          magna aliqua.</p>
      </div>
    </div>
  </div>

  <div id="footer" class="footer">
    <div id="footer-flex" class="center-elements">
      <div id="footer-name-slogan">
        <h3><span class="name">MYJ World</span></h3>
        <h5>Working for your betterment</h5>
      </div>
      <div id="list-1">
        <p><b>Lorem ipsum</b></p>
        <a href="#">Lorem ipsum</a><br>
        <a href="#">Lorem ipsum</a><br>
        <a href="#">Lorem ipsum</a><br>
        <a href="#">Lorem ipsum</a><br>
        <a href="#">Lorem ipsum</a>
      </div>
      <div id="list-2">
        <p><b>Lorem ipsum</b></p>
        <a href="#">Lorem ipsum</a><br>
        <a href="#">Lorem ipsum</a><br>
        <a href="#">Lorem ipsum</a><br>
        <a href="#">Lorem ipsum</a><br>
        <a href="#">Lorem ipsum</a>
      </div>
      <div id="list-3">
        <p><b>Lorem ipsum</b></p>
        <a href="#">Lorem ipsum</a><br>
        <a href="#">Lorem ipsum</a><br>
        <a href="#">Lorem ipsum</a><br>
        <a href="#">Lorem ipsum</a><br>
        <a href="#">Lorem ipsum</a>
      </div>
      <div id="list-4">
        <p><b>Lorem ipsum</b></p>
        <a href="#">Lorem ipsum</a><br>
        <a href="#">Lorem ipsum</a><br>
        <a href="#">Lorem ipsum</a><br>
        <a href="#">Lorem ipsum</a><br>
        <a href="#">Lorem ipsum</a>
      </div>
    </div>
    <div id="policy">
      <a href="#">Terms of use</a> <br><br>
      <a href="#">Privacy Policy</a>
    </div>
  </div>

  <div class="popup">
    <p>By using our website, you agree to our <a href="#"> Terms of Use</a> &amp; <a href="#">Privacy Policy</a></p>
    <button class="popup-btn">Accept & Continue</button>
  </div>

  <div id="copyright" class="floating-box" style="height: 40px;">
    <p style="font-size: 15px;">&copy;
      <script>document.write(new Date().getFullYear());</script> MYJ World
    </p>
  </div>

  <script src="../script.js"></script>
</body>

</html>