{
	"optOut": false,
	"lastUpdateCheck": 1689671359163
}